Error List
----------
